// Jest Snapshot v1, https://goo.gl/fbAQLP

exports[`App methods should match the snapshot 1`] = `
ShallowWrapper {
  "length": 1,
  Symbol(enzyme.__root__): [Circular],
  Symbol(enzyme.__unrendered__): <App />,
  Symbol(enzyme.__renderer__): Object {
    "batchedUpdates": [Function],
    "getNode": [Function],
    "render": [Function],
    "simulateEvent": [Function],
    "unmount": [Function],
  },
  Symbol(enzyme.__node__): Object {
    "instance": null,
    "key": undefined,
    "nodeType": "host",
    "props": Object {
      "children": Array [
        <Nav
          getFilmCrawl={[Function]}
          renderCards={[Function]}
/>,
        <Main
          cardsToRender={Array []}
          filmCrawl={
                    Object {
                              "crawl": "It is a period of civil war.
                    Rebel scum spaceships, striking
                    from a hidden base, have won
                    their first and only victory against
                    the great Galactic Empire.
                    
                    During the battle, Rebel
                    scum spies managed to steal secret
                    plans to the Empire's
                    ultimate weapon, the DEATH
                    STAR, an armored space
                    station with enough power
                    to destroy an entire planet.
                    
                    Pursued by the Empire's
                    finest agents, Princess
                    Leia flees home aboard her
                    starship, custodian of the
                    stolen plans that can enslave her
                    people and restore
order to the galaxy....",
                              "date": "1977-05-25",
                              "title": "No Hope",
                            }
          }
          targetsToRender={Array []}
          toggleTarget={[Function]}
/>,
      ],
      "className": "App",
    },
    "ref": null,
    "rendered": Array [
      Object {
        "instance": null,
        "key": undefined,
        "nodeType": "function",
        "props": Object {
          "getFilmCrawl": [Function],
          "renderCards": [Function],
        },
        "ref": null,
        "rendered": null,
        "type": [Function],
      },
      Object {
        "instance": null,
        "key": undefined,
        "nodeType": "function",
        "props": Object {
          "cardsToRender": Array [],
          "filmCrawl": Object {
            "crawl": "It is a period of civil war.
Rebel scum spaceships, striking
from a hidden base, have won
their first and only victory against
the great Galactic Empire.

During the battle, Rebel
scum spies managed to steal secret
plans to the Empire's
ultimate weapon, the DEATH
STAR, an armored space
station with enough power
to destroy an entire planet.

Pursued by the Empire's
finest agents, Princess
Leia flees home aboard her
starship, custodian of the
stolen plans that can enslave her
people and restore
order to the galaxy....",
            "date": "1977-05-25",
            "title": "No Hope",
          },
          "targetsToRender": Array [],
          "toggleTarget": [Function],
        },
        "ref": null,
        "rendered": null,
        "type": [Function],
      },
    ],
    "type": "div",
  },
  Symbol(enzyme.__nodes__): Array [
    Object {
      "instance": null,
      "key": undefined,
      "nodeType": "host",
      "props": Object {
        "children": Array [
          <Nav
            getFilmCrawl={[Function]}
            renderCards={[Function]}
/>,
          <Main
            cardsToRender={Array []}
            filmCrawl={
                        Object {
                                    "crawl": "It is a period of civil war.
                        Rebel scum spaceships, striking
                        from a hidden base, have won
                        their first and only victory against
                        the great Galactic Empire.
                        
                        During the battle, Rebel
                        scum spies managed to steal secret
                        plans to the Empire's
                        ultimate weapon, the DEATH
                        STAR, an armored space
                        station with enough power
                        to destroy an entire planet.
                        
                        Pursued by the Empire's
                        finest agents, Princess
                        Leia flees home aboard her
                        starship, custodian of the
                        stolen plans that can enslave her
                        people and restore
order to the galaxy....",
                                    "date": "1977-05-25",
                                    "title": "No Hope",
                                  }
            }
            targetsToRender={Array []}
            toggleTarget={[Function]}
/>,
        ],
        "className": "App",
      },
      "ref": null,
      "rendered": Array [
        Object {
          "instance": null,
          "key": undefined,
          "nodeType": "function",
          "props": Object {
            "getFilmCrawl": [Function],
            "renderCards": [Function],
          },
          "ref": null,
          "rendered": null,
          "type": [Function],
        },
        Object {
          "instance": null,
          "key": undefined,
          "nodeType": "function",
          "props": Object {
            "cardsToRender": Array [],
            "filmCrawl": Object {
              "crawl": "It is a period of civil war.
Rebel scum spaceships, striking
from a hidden base, have won
their first and only victory against
the great Galactic Empire.

During the battle, Rebel
scum spies managed to steal secret
plans to the Empire's
ultimate weapon, the DEATH
STAR, an armored space
station with enough power
to destroy an entire planet.

Pursued by the Empire's
finest agents, Princess
Leia flees home aboard her
starship, custodian of the
stolen plans that can enslave her
people and restore
order to the galaxy....",
              "date": "1977-05-25",
              "title": "No Hope",
            },
            "targetsToRender": Array [],
            "toggleTarget": [Function],
          },
          "ref": null,
          "rendered": null,
          "type": [Function],
        },
      ],
      "type": "div",
    },
  ],
  Symbol(enzyme.__options__): Object {
    "adapter": ReactSixteenAdapter {
      "options": Object {
        "enableComponentDidUpdateOnSetState": true,
      },
    },
  },
}
`;
